Processing esp32-s3-n8r2 (platform: espressif32; board: rymcu-esp32-s3-devkitc-1; framework: arduino)
--------------------------------------------------------------------------------
Removing unused dependencies...
Library Manager: Removing Unity @ 2.6.1
Library Manager: Unity@2.6.1 has been removed!
Verbose mode can be enabled via `-v, --verbose` option
CONFIGURATION: https://docs.platformio.org/page/boards/espressif32/rymcu-esp32-s3-devkitc-1.html
PLATFORM: Espressif 32 (7.0.1) > RYMCU ESP32-S3-DevKitC-1-N8R2 (8 MB QD, 2 MB PSRAM)
HARDWARE: ESP32S3 240MHz, 320KB RAM, 8MB Flash
DEBUG: Current (esp-builtin) On-board (esp-builtin) External (cmsis-dap, esp-bridge, esp-prog, iot-bus-jtag, jlink, minimodule, olimex-arm-usb-ocd, olimex-arm-usb-ocd-h, olimex-arm-usb-tiny-h, olimex-jtag-tiny, tumpa)
PACKAGES:
 - framework-arduinoespressif32 @ 3.20017.241212+sha.dcc1105b
 - tool-esptoolpy @ 2.41100.260830 (4.11.0)
 - tool-mkfatfs @ 2.0.1
 - tool-mklittlefs @ 1.203.210628 (2.3)
 - tool-mkspiffs @ 2.230.0 (2.30)
 - toolchain-riscv32-esp @ 8.4.0+2021r2-patch5
 - toolchain-xtensa-esp32s3 @ 8.4.0+2021r2-patch5
LDF: Library Dependency Finder -> https://bit.ly/configure-pio-ldf
LDF Modes: Finder ~ chain, Compatibility ~ soft
Found 35 compatible libraries
Scanning dependencies...
Dependency Graph
|-- Chirale_TensorFLowLite @ 2.0.0
|-- PubSubClient @ 2.8.0
|-- Wire @ 2.0.0
|-- WiFi @ 2.0.0
Building in release mode
Compiling .pio\build\esp32-s3-n8r2\src\diagnostics\metrics.cpp.o
Compiling .pio\build\esp32-s3-n8r2\src\features\feature_extractor.cpp.o
Compiling .pio\build\esp32-s3-n8r2\src\inference\edge_head.cpp.o
Compiling .pio\build\esp32-s3-n8r2\src\inference\edge_head_data.cpp.o
Compiling .pio\build\esp32-s3-n8r2\src\inference\gesture_model_data.cpp.o
Compiling .pio\build\esp32-s3-n8r2\src\inference\input_preprocessor.cpp.o
Compiling .pio\build\esp32-s3-n8r2\src\inference\local_model.cpp.o
Compiling .pio\build\esp32-s3-n8r2\src\inference\prefix_model_data.cpp.o
Compiling .pio\build\esp32-s3-n8r2\src\inference\prefix_runner.cpp.o
Compiling .pio\build\esp32-s3-n8r2\src\inference\split1_model_data.cpp.o
Compiling .pio\build\esp32-s3-n8r2\src\inference\split2_model_data.cpp.o
Compiling .pio\build\esp32-s3-n8r2\src\inference\uncertainty.cpp.o
Compiling .pio\build\esp32-s3-n8r2\src\main.cpp.o
Compiling .pio\build\esp32-s3-n8r2\src\network\mqtt_client.cpp.o
Compiling .pio\build\esp32-s3-n8r2\src\network\wifi_manager.cpp.o
Compiling .pio\build\esp32-s3-n8r2\src\ota\model_updater.cpp.o
Compiling .pio\build\esp32-s3-n8r2\src\policy\adaptive_runtime.cpp.o
Compiling .pio\build\esp32-s3-n8r2\src\policy\meta_learner.cpp.o
Compiling .pio\build\esp32-s3-n8r2\src\policy\meta_policy_data.cpp.o
Compiling .pio\build\esp32-s3-n8r2\src\policy\split_controller.cpp.o
Compiling .pio\build\esp32-s3-n8r2\src\sampling\window_buffer.cpp.o
Compiling .pio\build\esp32-s3-n8r2\src\sensors\mpu6050.cpp.o
Compiling .pio\build\esp32-s3-n8r2\libea8\Wire\Wire.cpp.o
Compiling .pio\build\esp32-s3-n8r2\liba25\Chirale_TensorFLowLite\peripherals\utility_arduino.cpp.o
Compiling .pio\build\esp32-s3-n8r2\liba25\Chirale_TensorFLowLite\tensorflow\lite\core\api\error_reporter.cpp.o
Compiling .pio\build\esp32-s3-n8r2\liba25\Chirale_TensorFLowLite\tensorflow\lite\core\api\flatbuffer_conversions.cpp.o
Compiling .pio\build\esp32-s3-n8r2\liba25\Chirale_TensorFLowLite\tensorflow\lite\core\api\op_resolver.cpp.o
Compiling .pio\build\esp32-s3-n8r2\liba25\Chirale_TensorFLowLite\tensorflow\lite\core\api\tensor_utils.cpp.o
Compiling .pio\build\esp32-s3-n8r2\liba25\Chirale_TensorFLowLite\tensorflow\lite\core\c\common.cpp.o
Compiling .pio\build\esp32-s3-n8r2\liba25\Chirale_TensorFLowLite\tensorflow\lite\experimental\microfrontend\lib\fft.cpp.o
Compiling .pio\build\esp32-s3-n8r2\liba25\Chirale_TensorFLowLite\tensorflow\lite\experimental\microfrontend\lib\fft_util.cpp.o
Compiling .pio\build\esp32-s3-n8r2\liba25\Chirale_TensorFLowLite\tensorflow\lite\experimental\microfrontend\lib\filterbank.c.o
Compiling .pio\build\esp32-s3-n8r2\liba25\Chirale_TensorFLowLite\tensorflow\lite\experimental\microfrontend\lib\filterbank_util.c.o
Compiling .pio\build\esp32-s3-n8r2\liba25\Chirale_TensorFLowLite\tensorflow\lite\experimental\microfrontend\lib\frontend.c.o
Compiling .pio\build\esp32-s3-n8r2\liba25\Chirale_TensorFLowLite\tensorflow\lite\experimental\microfrontend\lib\frontend_util.c.o
Compiling .pio\build\esp32-s3-n8r2\liba25\Chirale_TensorFLowLite\tensorflow\lite\experimental\microfrontend\lib\kiss_fft_int16.cpp.o
Compiling .pio\build\esp32-s3-n8r2\liba25\Chirale_TensorFLowLite\tensorflow\lite\experimental\microfrontend\lib\log_lut.c.o
Compiling .pio\build\esp32-s3-n8r2\liba25\Chirale_TensorFLowLite\tensorflow\lite\experimental\microfrontend\lib\log_scale.c.o
Compiling .pio\build\esp32-s3-n8r2\liba25\Chirale_TensorFLowLite\tensorflow\lite\experimental\microfrontend\lib\log_scale_util.c.o
Compiling .pio\build\esp32-s3-n8r2\liba25\Chirale_TensorFLowLite\tensorflow\lite\experimental\microfrontend\lib\noise_reduction.c.o
Compiling .pio\build\esp32-s3-n8r2\liba25\Chirale_TensorFLowLite\tensorflow\lite\experimental\microfrontend\lib\noise_reduction_util.c.o
Compiling .pio\build\esp32-s3-n8r2\liba25\Chirale_TensorFLowLite\tensorflow\lite\experimental\microfrontend\lib\pcan_gain_control.c.o
Compiling .pio\build\esp32-s3-n8r2\liba25\Chirale_TensorFLowLite\tensorflow\lite\experimental\microfrontend\lib\pcan_gain_control_util.c.o
Compiling .pio\build\esp32-s3-n8r2\liba25\Chirale_TensorFLowLite\tensorflow\lite\experimental\microfrontend\lib\window.c.o
Compiling .pio\build\esp32-s3-n8r2\liba25\Chirale_TensorFLowLite\tensorflow\lite\experimental\microfrontend\lib\window_util.c.o
Compiling .pio\build\esp32-s3-n8r2\liba25\Chirale_TensorFLowLite\tensorflow\lite\kernels\internal\portable_tensor_utils.cpp.o
Compiling .pio\build\esp32-s3-n8r2\liba25\Chirale_TensorFLowLite\tensorflow\lite\kernels\internal\quantization_util.cpp.o
Compiling .pio\build\esp32-s3-n8r2\liba25\Chirale_TensorFLowLite\tensorflow\lite\kernels\internal\reference\portable_tensor_utils.cpp.o
Compiling .pio\build\esp32-s3-n8r2\liba25\Chirale_TensorFLowLite\tensorflow\lite\kernels\internal\tensor_utils.cpp.o
Compiling .pio\build\esp32-s3-n8r2\liba25\Chirale_TensorFLowLite\tensorflow\lite\kernels\kernel_util.cpp.o
Compiling .pio\build\esp32-s3-n8r2\liba25\Chirale_TensorFLowLite\tensorflow\lite\micro\all_ops_resolver.cpp.o
Compiling .pio\build\esp32-s3-n8r2\liba25\Chirale_TensorFLowLite\tensorflow\lite\micro\arena_allocator\non_persistent_arena_buffer_allocator.cpp.o
Compiling .pio\build\esp32-s3-n8r2\liba25\Chirale_TensorFLowLite\tensorflow\lite\micro\arena_allocator\persistent_arena_buffer_allocator.cpp.o
Compiling .pio\build\esp32-s3-n8r2\liba25\Chirale_TensorFLowLite\tensorflow\lite\micro\arena_allocator\recording_single_arena_buffer_allocator.cpp.o
Compiling .pio\build\esp32-s3-n8r2\liba25\Chirale_TensorFLowLite\tensorflow\lite\micro\arena_allocator\single_arena_buffer_allocator.cpp.o
Compiling .pio\build\esp32-s3-n8r2\liba25\Chirale_TensorFLowLite\tensorflow\lite\micro\debug_log.cpp.o
Compiling .pio\build\esp32-s3-n8r2\liba25\Chirale_TensorFLowLite\tensorflow\lite\micro\fake_micro_context.cpp.o
Compiling .pio\build\esp32-s3-n8r2\liba25\Chirale_TensorFLowLite\tensorflow\lite\micro\flatbuffer_utils.cpp.o
Compiling .pio\build\esp32-s3-n8r2\liba25\Chirale_TensorFLowLite\tensorflow\lite\micro\kernels\activations.cpp.o
Compiling .pio\build\esp32-s3-n8r2\liba25\Chirale_TensorFLowLite\tensorflow\lite\micro\kernels\activations_common.cpp.o
Compiling .pio\build\esp32-s3-n8r2\liba25\Chirale_TensorFLowLite\tensorflow\lite\micro\kernels\add_common.cpp.o
Compiling .pio\build\esp32-s3-n8r2\liba25\Chirale_TensorFLowLite\tensorflow\lite\micro\kernels\add_n.cpp.o
Compiling .pio\build\esp32-s3-n8r2\liba25\Chirale_TensorFLowLite\tensorflow\lite\micro\kernels\arg_min_max.cpp.o
Compiling .pio\build\esp32-s3-n8r2\liba25\Chirale_TensorFLowLite\tensorflow\lite\micro\kernels\assign_variable.cpp.o
Compiling .pio\build\esp32-s3-n8r2\liba25\Chirale_TensorFLowLite\tensorflow\lite\micro\kernels\batch_to_space_nd.cpp.o
Compiling .pio\build\esp32-s3-n8r2\liba25\Chirale_TensorFLowLite\tensorflow\lite\micro\kernels\broadcast_args.cpp.o
Compiling .pio\build\esp32-s3-n8r2\liba25\Chirale_TensorFLowLite\tensorflow\lite\micro\kernels\broadcast_to.cpp.o
Compiling .pio\build\esp32-s3-n8r2\liba25\Chirale_TensorFLowLite\tensorflow\lite\micro\kernels\call_once.cpp.o
Compiling .pio\build\esp32-s3-n8r2\liba25\Chirale_TensorFLowLite\tensorflow\lite\micro\kernels\cast.cpp.o
Compiling .pio\build\esp32-s3-n8r2\liba25\Chirale_TensorFLowLite\tensorflow\lite\micro\kernels\ceil.cpp.o
Compiling .pio\build\esp32-s3-n8r2\liba25\Chirale_TensorFLowLite\tensorflow\lite\micro\kernels\circular_buffer.cpp.o
Compiling .pio\build\esp32-s3-n8r2\liba25\Chirale_TensorFLowLite\tensorflow\lite\micro\kernels\circular_buffer_common.cpp.o
Compiling .pio\build\esp32-s3-n8r2\liba25\Chirale_TensorFLowLite\tensorflow\lite\micro\kernels\cmsis_nn\add.cpp.o
Compiling .pio\build\esp32-s3-n8r2\liba25\Chirale_TensorFLowLite\tensorflow\lite\micro\kernels\cmsis_nn\conv.cpp.o
Compiling .pio\build\esp32-s3-n8r2\liba25\Chirale_TensorFLowLite\tensorflow\lite\micro\kernels\cmsis_nn\depthwise_conv.cpp.o
Compiling .pio\build\esp32-s3-n8r2\liba25\Chirale_TensorFLowLite\tensorflow\lite\micro\kernels\cmsis_nn\fully_connected.cpp.o
Compiling .pio\build\esp32-s3-n8r2\liba25\Chirale_TensorFLowLite\tensorflow\lite\micro\kernels\cmsis_nn\mul.cpp.o
Compiling .pio\build\esp32-s3-n8r2\liba25\Chirale_TensorFLowLite\tensorflow\lite\micro\kernels\cmsis_nn\pooling.cpp.o
Compiling .pio\build\esp32-s3-n8r2\liba25\Chirale_TensorFLowLite\tensorflow\lite\micro\kernels\cmsis_nn\softmax.cpp.o
Compiling .pio\build\esp32-s3-n8r2\liba25\Chirale_TensorFLowLite\tensorflow\lite\micro\kernels\cmsis_nn\svdf.cpp.o
Compiling .pio\build\esp32-s3-n8r2\liba25\Chirale_TensorFLowLite\tensorflow\lite\micro\kernels\comparisons.cpp.o
Compiling .pio\build\esp32-s3-n8r2\liba25\Chirale_TensorFLowLite\tensorflow\lite\micro\kernels\concatenation.cpp.o
Compiling .pio\build\esp32-s3-n8r2\liba25\Chirale_TensorFLowLite\tensorflow\lite\micro\kernels\conv_common.cpp.o
Compiling .pio\build\esp32-s3-n8r2\liba25\Chirale_TensorFLowLite\tensorflow\lite\micro\kernels\cumsum.cpp.o
Compiling .pio\build\esp32-s3-n8r2\liba25\Chirale_TensorFLowLite\tensorflow\lite\micro\kernels\depth_to_space.cpp.o
Compiling .pio\build\esp32-s3-n8r2\liba25\Chirale_TensorFLowLite\tensorflow\lite\micro\kernels\depthwise_conv_common.cpp.o
Compiling .pio\build\esp32-s3-n8r2\liba25\Chirale_TensorFLowLite\tensorflow\lite\micro\kernels\dequantize.cpp.o
Compiling .pio\build\esp32-s3-n8r2\liba25\Chirale_TensorFLowLite\tensorflow\lite\micro\kernels\dequantize_common.cpp.o
Compiling .pio\build\esp32-s3-n8r2\liba25\Chirale_TensorFLowLite\tensorflow\lite\micro\kernels\detection_postprocess.cpp.o
Compiling .pio\build\esp32-s3-n8r2\liba25\Chirale_TensorFLowLite\tensorflow\lite\micro\kernels\div.cpp.o
Compiling .pio\build\esp32-s3-n8r2\liba25\Chirale_TensorFLowLite\tensorflow\lite\micro\kernels\elementwise.cpp.o
Compiling .pio\build\esp32-s3-n8r2\liba25\Chirale_TensorFLowLite\tensorflow\lite\micro\kernels\elu.cpp.o
Compiling .pio\build\esp32-s3-n8r2\liba25\Chirale_TensorFLowLite\tensorflow\lite\micro\kernels\ethosu.cpp.o
Compiling .pio\build\esp32-s3-n8r2\liba25\Chirale_TensorFLowLite\tensorflow\lite\micro\kernels\exp.cpp.o
Compiling .pio\build\esp32-s3-n8r2\liba25\Chirale_TensorFLowLite\tensorflow\lite\micro\kernels\expand_dims.cpp.o
Compiling .pio\build\esp32-s3-n8r2\liba25\Chirale_TensorFLowLite\tensorflow\lite\micro\kernels\fill.cpp.o
Compiling .pio\build\esp32-s3-n8r2\liba25\Chirale_TensorFLowLite\tensorflow\lite\micro\kernels\floor.cpp.o
Compiling .pio\build\esp32-s3-n8r2\liba25\Chirale_TensorFLowLite\tensorflow\lite\micro\kernels\floor_div.cpp.o
Compiling .pio\build\esp32-s3-n8r2\liba25\Chirale_TensorFLowLite\tensorflow\lite\micro\kernels\floor_mod.cpp.o
Compiling .pio\build\esp32-s3-n8r2\liba25\Chirale_TensorFLowLite\tensorflow\lite\micro\kernels\fully_connected_common.cpp.o
Compiling .pio\build\esp32-s3-n8r2\liba25\Chirale_TensorFLowLite\tensorflow\lite\micro\kernels\gather.cpp.o
Compiling .pio\build\esp32-s3-n8r2\liba25\Chirale_TensorFLowLite\tensorflow\lite\micro\kernels\gather_nd.cpp.o
Compiling .pio\build\esp32-s3-n8r2\liba25\Chirale_TensorFLowLite\tensorflow\lite\micro\kernels\hard_swish.cpp.o
Compiling .pio\build\esp32-s3-n8r2\liba25\Chirale_TensorFLowLite\tensorflow\lite\micro\kernels\hard_swish_common.cpp.o
Compiling .pio\build\esp32-s3-n8r2\liba25\Chirale_TensorFLowLite\tensorflow\lite\micro\kernels\if.cpp.o
Compiling .pio\build\esp32-s3-n8r2\liba25\Chirale_TensorFLowLite\tensorflow\lite\micro\kernels\kernel_runner.cpp.o
Compiling .pio\build\esp32-s3-n8r2\liba25\Chirale_TensorFLowLite\tensorflow\lite\micro\kernels\kernel_util.cpp.o
Compiling .pio\build\esp32-s3-n8r2\liba25\Chirale_TensorFLowLite\tensorflow\lite\micro\kernels\l2_pool_2d.cpp.o
Compiling .pio\build\esp32-s3-n8r2\liba25\Chirale_TensorFLowLite\tensorflow\lite\micro\kernels\l2norm.cpp.o
Compiling .pio\build\esp32-s3-n8r2\liba25\Chirale_TensorFLowLite\tensorflow\lite\micro\kernels\leaky_relu.cpp.o
Compiling .pio\build\esp32-s3-n8r2\liba25\Chirale_TensorFLowLite\tensorflow\lite\micro\kernels\leaky_relu_common.cpp.o
Compiling .pio\build\esp32-s3-n8r2\liba25\Chirale_TensorFLowLite\tensorflow\lite\micro\kernels\log_softmax.cpp.o
Compiling .pio\build\esp32-s3-n8r2\liba25\Chirale_TensorFLowLite\tensorflow\lite\micro\kernels\logical.cpp.o
Compiling .pio\build\esp32-s3-n8r2\liba25\Chirale_TensorFLowLite\tensorflow\lite\micro\kernels\logical_common.cpp.o
Compiling .pio\build\esp32-s3-n8r2\liba25\Chirale_TensorFLowLite\tensorflow\lite\micro\kernels\logistic.cpp.o
Compiling .pio\build\esp32-s3-n8r2\liba25\Chirale_TensorFLowLite\tensorflow\lite\micro\kernels\logistic_common.cpp.o
Compiling .pio\build\esp32-s3-n8r2\liba25\Chirale_TensorFLowLite\tensorflow\lite\micro\kernels\lstm_eval.cpp.o
Compiling .pio\build\esp32-s3-n8r2\liba25\Chirale_TensorFLowLite\tensorflow\lite\micro\kernels\maximum_minimum.cpp.o
Compiling .pio\build\esp32-s3-n8r2\liba25\Chirale_TensorFLowLite\tensorflow\lite\micro\kernels\micro_tensor_utils.cpp.o
Compiling .pio\build\esp32-s3-n8r2\liba25\Chirale_TensorFLowLite\tensorflow\lite\micro\kernels\mirror_pad.cpp.o
Compiling .pio\build\esp32-s3-n8r2\liba25\Chirale_TensorFLowLite\tensorflow\lite\micro\kernels\mul_common.cpp.o
Compiling .pio\build\esp32-s3-n8r2\liba25\Chirale_TensorFLowLite\tensorflow\lite\micro\kernels\neg.cpp.o
Compiling .pio\build\esp32-s3-n8r2\liba25\Chirale_TensorFLowLite\tensorflow\lite\micro\kernels\pack.cpp.o
Compiling .pio\build\esp32-s3-n8r2\liba25\Chirale_TensorFLowLite\tensorflow\lite\micro\kernels\pad.cpp.o
Compiling .pio\build\esp32-s3-n8r2\liba25\Chirale_TensorFLowLite\tensorflow\lite\micro\kernels\pooling_common.cpp.o
Compiling .pio\build\esp32-s3-n8r2\liba25\Chirale_TensorFLowLite\tensorflow\lite\micro\kernels\prelu.cpp.o
Compiling .pio\build\esp32-s3-n8r2\liba25\Chirale_TensorFLowLite\tensorflow\lite\micro\kernels\prelu_common.cpp.o
Compiling .pio\build\esp32-s3-n8r2\liba25\Chirale_TensorFLowLite\tensorflow\lite\micro\kernels\quantize.cpp.o
Compiling .pio\build\esp32-s3-n8r2\liba25\Chirale_TensorFLowLite\tensorflow\lite\micro\kernels\quantize_common.cpp.o
Compiling .pio\build\esp32-s3-n8r2\liba25\Chirale_TensorFLowLite\tensorflow\lite\micro\kernels\read_variable.cpp.o
Compiling .pio\build\esp32-s3-n8r2\liba25\Chirale_TensorFLowLite\tensorflow\lite\micro\kernels\reduce.cpp.o
Compiling .pio\build\esp32-s3-n8r2\liba25\Chirale_TensorFLowLite\tensorflow\lite\micro\kernels\reduce_common.cpp.o
Compiling .pio\build\esp32-s3-n8r2\liba25\Chirale_TensorFLowLite\tensorflow\lite\micro\kernels\reshape.cpp.o
Compiling .pio\build\esp32-s3-n8r2\liba25\Chirale_TensorFLowLite\tensorflow\lite\micro\kernels\resize_bilinear.cpp.o
Compiling .pio\build\esp32-s3-n8r2\liba25\Chirale_TensorFLowLite\tensorflow\lite\micro\kernels\resize_nearest_neighbor.cpp.o
Compiling .pio\build\esp32-s3-n8r2\liba25\Chirale_TensorFLowLite\tensorflow\lite\micro\kernels\round.cpp.o
Compiling .pio\build\esp32-s3-n8r2\liba25\Chirale_TensorFLowLite\tensorflow\lite\micro\kernels\select.cpp.o
Compiling .pio\build\esp32-s3-n8r2\liba25\Chirale_TensorFLowLite\tensorflow\lite\micro\kernels\shape.cpp.o
Compiling .pio\build\esp32-s3-n8r2\liba25\Chirale_TensorFLowLite\tensorflow\lite\micro\kernels\slice.cpp.o
Compiling .pio\build\esp32-s3-n8r2\liba25\Chirale_TensorFLowLite\tensorflow\lite\micro\kernels\softmax_common.cpp.o
Compiling .pio\build\esp32-s3-n8r2\liba25\Chirale_TensorFLowLite\tensorflow\lite\micro\kernels\space_to_batch_nd.cpp.o
Compiling .pio\build\esp32-s3-n8r2\liba25\Chirale_TensorFLowLite\tensorflow\lite\micro\kernels\space_to_depth.cpp.o
Compiling .pio\build\esp32-s3-n8r2\liba25\Chirale_TensorFLowLite\tensorflow\lite\micro\kernels\split.cpp.o
Compiling .pio\build\esp32-s3-n8r2\liba25\Chirale_TensorFLowLite\tensorflow\lite\micro\kernels\split_v.cpp.o
Compiling .pio\build\esp32-s3-n8r2\liba25\Chirale_TensorFLowLite\tensorflow\lite\micro\kernels\squared_difference.cpp.o
Compiling .pio\build\esp32-s3-n8r2\liba25\Chirale_TensorFLowLite\tensorflow\lite\micro\kernels\squeeze.cpp.o
Compiling .pio\build\esp32-s3-n8r2\liba25\Chirale_TensorFLowLite\tensorflow\lite\micro\kernels\strided_slice.cpp.o
Compiling .pio\build\esp32-s3-n8r2\liba25\Chirale_TensorFLowLite\tensorflow\lite\micro\kernels\sub.cpp.o
Compiling .pio\build\esp32-s3-n8r2\liba25\Chirale_TensorFLowLite\tensorflow\lite\micro\kernels\sub_common.cpp.o
Compiling .pio\build\esp32-s3-n8r2\liba25\Chirale_TensorFLowLite\tensorflow\lite\micro\kernels\svdf_common.cpp.o
Compiling .pio\build\esp32-s3-n8r2\liba25\Chirale_TensorFLowLite\tensorflow\lite\micro\kernels\tanh.cpp.o
Compiling .pio\build\esp32-s3-n8r2\liba25\Chirale_TensorFLowLite\tensorflow\lite\micro\kernels\transpose.cpp.o
Compiling .pio\build\esp32-s3-n8r2\liba25\Chirale_TensorFLowLite\tensorflow\lite\micro\kernels\transpose_conv.cpp.o
Compiling .pio\build\esp32-s3-n8r2\liba25\Chirale_TensorFLowLite\tensorflow\lite\micro\kernels\unidirectional_sequence_lstm.cpp.o
Compiling .pio\build\esp32-s3-n8r2\liba25\Chirale_TensorFLowLite\tensorflow\lite\micro\kernels\unpack.cpp.o
Compiling .pio\build\esp32-s3-n8r2\liba25\Chirale_TensorFLowLite\tensorflow\lite\micro\kernels\var_handle.cpp.o
Compiling .pio\build\esp32-s3-n8r2\liba25\Chirale_TensorFLowLite\tensorflow\lite\micro\kernels\while.cpp.o
Compiling .pio\build\esp32-s3-n8r2\liba25\Chirale_TensorFLowLite\tensorflow\lite\micro\kernels\zeros_like.cpp.o
Compiling .pio\build\esp32-s3-n8r2\liba25\Chirale_TensorFLowLite\tensorflow\lite\micro\memory_helpers.cpp.o
Compiling .pio\build\esp32-s3-n8r2\liba25\Chirale_TensorFLowLite\tensorflow\lite\micro\memory_planner\greedy_memory_planner.cpp.o
Compiling .pio\build\esp32-s3-n8r2\liba25\Chirale_TensorFLowLite\tensorflow\lite\micro\memory_planner\linear_memory_planner.cpp.o
Compiling .pio\build\esp32-s3-n8r2\liba25\Chirale_TensorFLowLite\tensorflow\lite\micro\memory_planner\non_persistent_buffer_planner_shim.cpp.o
Compiling .pio\build\esp32-s3-n8r2\liba25\Chirale_TensorFLowLite\tensorflow\lite\micro\micro_allocation_info.cpp.o
Compiling .pio\build\esp32-s3-n8r2\liba25\Chirale_TensorFLowLite\tensorflow\lite\micro\micro_allocator.cpp.o
Compiling .pio\build\esp32-s3-n8r2\liba25\Chirale_TensorFLowLite\tensorflow\lite\micro\micro_context.cpp.o
Compiling .pio\build\esp32-s3-n8r2\liba25\Chirale_TensorFLowLite\tensorflow\lite\micro\micro_graph.cpp.o
Compiling .pio\build\esp32-s3-n8r2\liba25\Chirale_TensorFLowLite\tensorflow\lite\micro\micro_interpreter.cpp.o
Compiling .pio\build\esp32-s3-n8r2\liba25\Chirale_TensorFLowLite\tensorflow\lite\micro\micro_log.cpp.o
Compiling .pio\build\esp32-s3-n8r2\liba25\Chirale_TensorFLowLite\tensorflow\lite\micro\micro_profiler.cpp.o
Compiling .pio\build\esp32-s3-n8r2\liba25\Chirale_TensorFLowLite\tensorflow\lite\micro\micro_resource_variable.cpp.o
Compiling .pio\build\esp32-s3-n8r2\liba25\Chirale_TensorFLowLite\tensorflow\lite\micro\micro_string.cpp.o
Compiling .pio\build\esp32-s3-n8r2\liba25\Chirale_TensorFLowLite\tensorflow\lite\micro\micro_time.cpp.o
Compiling .pio\build\esp32-s3-n8r2\liba25\Chirale_TensorFLowLite\tensorflow\lite\micro\micro_utils.cpp.o
Compiling .pio\build\esp32-s3-n8r2\liba25\Chirale_TensorFLowLite\tensorflow\lite\micro\mock_micro_graph.cpp.o
Compiling .pio\build\esp32-s3-n8r2\liba25\Chirale_TensorFLowLite\tensorflow\lite\micro\recording_micro_allocator.cpp.o
Compiling .pio\build\esp32-s3-n8r2\liba25\Chirale_TensorFLowLite\tensorflow\lite\micro\system_setup.cpp.o
Compiling .pio\build\esp32-s3-n8r2\liba25\Chirale_TensorFLowLite\tensorflow\lite\micro\test_helper_custom_ops.cpp.o
Compiling .pio\build\esp32-s3-n8r2\liba25\Chirale_TensorFLowLite\tensorflow\lite\micro\test_helpers.cpp.o
Compiling .pio\build\esp32-s3-n8r2\liba25\Chirale_TensorFLowLite\tensorflow\lite\micro\tflite_bridge\flatbuffer_conversions_bridge.cpp.o
Compiling .pio\build\esp32-s3-n8r2\liba25\Chirale_TensorFLowLite\tensorflow\lite\micro\tflite_bridge\micro_error_reporter.cpp.o
Compiling .pio\build\esp32-s3-n8r2\liba25\Chirale_TensorFLowLite\tensorflow\lite\micro\tflite_bridge\op_resolver_bridge.cpp.o
Compiling .pio\build\esp32-s3-n8r2\liba25\Chirale_TensorFLowLite\tensorflow\lite\schema\schema_utils.cpp.o
Compiling .pio\build\esp32-s3-n8r2\liba25\Chirale_TensorFLowLite\third_party\cmsis_nn\Source\ActivationFunctions\arm_relu6_s8.c.o
Compiling .pio\build\esp32-s3-n8r2\liba25\Chirale_TensorFLowLite\third_party\cmsis_nn\Source\ActivationFunctions\arm_relu_q15.c.o
Compiling .pio\build\esp32-s3-n8r2\liba25\Chirale_TensorFLowLite\third_party\cmsis_nn\Source\ActivationFunctions\arm_relu_q7.c.o
Compiling .pio\build\esp32-s3-n8r2\liba25\Chirale_TensorFLowLite\third_party\cmsis_nn\Source\BasicMathFunctions\arm_elementwise_add_s16.c.o
Compiling .pio\build\esp32-s3-n8r2\liba25\Chirale_TensorFLowLite\third_party\cmsis_nn\Source\BasicMathFunctions\arm_elementwise_add_s8.c.o
Compiling .pio\build\esp32-s3-n8r2\liba25\Chirale_TensorFLowLite\third_party\cmsis_nn\Source\BasicMathFunctions\arm_elementwise_mul_s16.c.o
Compiling .pio\build\esp32-s3-n8r2\liba25\Chirale_TensorFLowLite\third_party\cmsis_nn\Source\BasicMathFunctions\arm_elementwise_mul_s8.c.o
Compiling .pio\build\esp32-s3-n8r2\liba25\Chirale_TensorFLowLite\third_party\cmsis_nn\Source\ConcatenationFunctions\arm_concatenation_s8_w.c.o
Compiling .pio\build\esp32-s3-n8r2\liba25\Chirale_TensorFLowLite\third_party\cmsis_nn\Source\ConcatenationFunctions\arm_concatenation_s8_x.c.o
Compiling .pio\build\esp32-s3-n8r2\liba25\Chirale_TensorFLowLite\third_party\cmsis_nn\Source\ConcatenationFunctions\arm_concatenation_s8_y.c.o
Compiling .pio\build\esp32-s3-n8r2\liba25\Chirale_TensorFLowLite\third_party\cmsis_nn\Source\ConcatenationFunctions\arm_concatenation_s8_z.c.o
Compiling .pio\build\esp32-s3-n8r2\liba25\Chirale_TensorFLowLite\third_party\cmsis_nn\Source\ConvolutionFunctions\arm_convolve_1_x_n_s8.c.o
Compiling .pio\build\esp32-s3-n8r2\liba25\Chirale_TensorFLowLite\third_party\cmsis_nn\Source\ConvolutionFunctions\arm_convolve_1x1_s8_fast.c.o
Compiling .pio\build\esp32-s3-n8r2\liba25\Chirale_TensorFLowLite\third_party\cmsis_nn\Source\ConvolutionFunctions\arm_convolve_fast_s16.c.o
Compiling .pio\build\esp32-s3-n8r2\liba25\Chirale_TensorFLowLite\third_party\cmsis_nn\Source\ConvolutionFunctions\arm_convolve_s16.c.o
Compiling .pio\build\esp32-s3-n8r2\liba25\Chirale_TensorFLowLite\third_party\cmsis_nn\Source\ConvolutionFunctions\arm_convolve_s8.c.o
Compiling .pio\build\esp32-s3-n8r2\liba25\Chirale_TensorFLowLite\third_party\cmsis_nn\Source\ConvolutionFunctions\arm_convolve_wrapper_s16.c.o
Compiling .pio\build\esp32-s3-n8r2\liba25\Chirale_TensorFLowLite\third_party\cmsis_nn\Source\ConvolutionFunctions\arm_convolve_wrapper_s8.c.o
Compiling .pio\build\esp32-s3-n8r2\liba25\Chirale_TensorFLowLite\third_party\cmsis_nn\Source\ConvolutionFunctions\arm_depthwise_conv_3x3_s8.c.o
Compiling .pio\build\esp32-s3-n8r2\liba25\Chirale_TensorFLowLite\third_party\cmsis_nn\Source\ConvolutionFunctions\arm_depthwise_conv_fast_s16.c.o
Compiling .pio\build\esp32-s3-n8r2\liba25\Chirale_TensorFLowLite\third_party\cmsis_nn\Source\ConvolutionFunctions\arm_depthwise_conv_s16.c.o
Compiling .pio\build\esp32-s3-n8r2\liba25\Chirale_TensorFLowLite\third_party\cmsis_nn\Source\ConvolutionFunctions\arm_depthwise_conv_s8.c.o
Compiling .pio\build\esp32-s3-n8r2\liba25\Chirale_TensorFLowLite\third_party\cmsis_nn\Source\ConvolutionFunctions\arm_depthwise_conv_s8_opt.c.o
Compiling .pio\build\esp32-s3-n8r2\liba25\Chirale_TensorFLowLite\third_party\cmsis_nn\Source\ConvolutionFunctions\arm_depthwise_conv_wrapper_s16.c.o
Compiling .pio\build\esp32-s3-n8r2\liba25\Chirale_TensorFLowLite\third_party\cmsis_nn\Source\ConvolutionFunctions\arm_depthwise_conv_wrapper_s8.c.o
Compiling .pio\build\esp32-s3-n8r2\liba25\Chirale_TensorFLowLite\third_party\cmsis_nn\Source\ConvolutionFunctions\arm_nn_depthwise_conv_s8_core.c.o
Compiling .pio\build\esp32-s3-n8r2\liba25\Chirale_TensorFLowLite\third_party\cmsis_nn\Source\ConvolutionFunctions\arm_nn_mat_mult_kernel_s8_s16.c.o
Compiling .pio\build\esp32-s3-n8r2\liba25\Chirale_TensorFLowLite\third_party\cmsis_nn\Source\ConvolutionFunctions\arm_nn_mat_mult_s8.c.o
Compiling .pio\build\esp32-s3-n8r2\liba25\Chirale_TensorFLowLite\third_party\cmsis_nn\Source\FullyConnectedFunctions\arm_fully_connected_s16.c.o
Compiling .pio\build\esp32-s3-n8r2\liba25\Chirale_TensorFLowLite\third_party\cmsis_nn\Source\FullyConnectedFunctions\arm_fully_connected_s8.c.o
Compiling .pio\build\esp32-s3-n8r2\liba25\Chirale_TensorFLowLite\third_party\cmsis_nn\Source\NNSupportFunctions\arm_nn_depthwise_conv_nt_t_padded_s8.c.o
Compiling .pio\build\esp32-s3-n8r2\liba25\Chirale_TensorFLowLite\third_party\cmsis_nn\Source\NNSupportFunctions\arm_nn_depthwise_conv_nt_t_s16.c.o
Compiling .pio\build\esp32-s3-n8r2\liba25\Chirale_TensorFLowLite\third_party\cmsis_nn\Source\NNSupportFunctions\arm_nn_depthwise_conv_nt_t_s8.c.o
Compiling .pio\build\esp32-s3-n8r2\liba25\Chirale_TensorFLowLite\third_party\cmsis_nn\Source\NNSupportFunctions\arm_nn_mat_mul_core_1x_s8.c.o
Compiling .pio\build\esp32-s3-n8r2\liba25\Chirale_TensorFLowLite\third_party\cmsis_nn\Source\NNSupportFunctions\arm_nn_mat_mul_core_4x_s8.c.o
Compiling .pio\build\esp32-s3-n8r2\liba25\Chirale_TensorFLowLite\third_party\cmsis_nn\Source\NNSupportFunctions\arm_nn_mat_mul_kernel_s16.c.o
Compiling .pio\build\esp32-s3-n8r2\liba25\Chirale_TensorFLowLite\third_party\cmsis_nn\Source\NNSupportFunctions\arm_nn_mat_mult_nt_t_s8.c.o
Compiling .pio\build\esp32-s3-n8r2\liba25\Chirale_TensorFLowLite\third_party\cmsis_nn\Source\NNSupportFunctions\arm_nn_vec_mat_mult_t_s16.c.o
Compiling .pio\build\esp32-s3-n8r2\liba25\Chirale_TensorFLowLite\third_party\cmsis_nn\Source\NNSupportFunctions\arm_nn_vec_mat_mult_t_s8.c.o
Compiling .pio\build\esp32-s3-n8r2\liba25\Chirale_TensorFLowLite\third_party\cmsis_nn\Source\NNSupportFunctions\arm_nn_vec_mat_mult_t_svdf_s8.c.o
Compiling .pio\build\esp32-s3-n8r2\liba25\Chirale_TensorFLowLite\third_party\cmsis_nn\Source\NNSupportFunctions\arm_nntables.c.o
Compiling .pio\build\esp32-s3-n8r2\liba25\Chirale_TensorFLowLite\third_party\cmsis_nn\Source\NNSupportFunctions\arm_q7_to_q15_with_offset.c.o
Compiling .pio\build\esp32-s3-n8r2\liba25\Chirale_TensorFLowLite\third_party\cmsis_nn\Source\PoolingFunctions\arm_avgpool_s16.c.o
Compiling .pio\build\esp32-s3-n8r2\liba25\Chirale_TensorFLowLite\third_party\cmsis_nn\Source\PoolingFunctions\arm_avgpool_s8.c.o
Compiling .pio\build\esp32-s3-n8r2\liba25\Chirale_TensorFLowLite\third_party\cmsis_nn\Source\PoolingFunctions\arm_max_pool_s16.c.o
Compiling .pio\build\esp32-s3-n8r2\liba25\Chirale_TensorFLowLite\third_party\cmsis_nn\Source\PoolingFunctions\arm_max_pool_s8.c.o
Compiling .pio\build\esp32-s3-n8r2\liba25\Chirale_TensorFLowLite\third_party\cmsis_nn\Source\ReshapeFunctions\arm_reshape_s8.c.o
Compiling .pio\build\esp32-s3-n8r2\liba25\Chirale_TensorFLowLite\third_party\cmsis_nn\Source\SVDFunctions\arm_svdf_s8.c.o
Compiling .pio\build\esp32-s3-n8r2\liba25\Chirale_TensorFLowLite\third_party\cmsis_nn\Source\SVDFunctions\arm_svdf_state_s16_s8.c.o
Compiling .pio\build\esp32-s3-n8r2\liba25\Chirale_TensorFLowLite\third_party\cmsis_nn\Source\SoftmaxFunctions\arm_nn_softmax_common_s8.c.o
Compiling .pio\build\esp32-s3-n8r2\liba25\Chirale_TensorFLowLite\third_party\cmsis_nn\Source\SoftmaxFunctions\arm_softmax_s16.c.o
Compiling .pio\build\esp32-s3-n8r2\liba25\Chirale_TensorFLowLite\third_party\cmsis_nn\Source\SoftmaxFunctions\arm_softmax_s8.c.o
Compiling .pio\build\esp32-s3-n8r2\liba25\Chirale_TensorFLowLite\third_party\cmsis_nn\Source\SoftmaxFunctions\arm_softmax_s8_s16.c.o
Compiling .pio\build\esp32-s3-n8r2\liba25\Chirale_TensorFLowLite\third_party\cmsis_nn\Source\SoftmaxFunctions\arm_softmax_u8.c.o
Compiling .pio\build\esp32-s3-n8r2\liba25\Chirale_TensorFLowLite\third_party\kissfft\kiss_fft.c.o
Compiling .pio\build\esp32-s3-n8r2\liba25\Chirale_TensorFLowLite\third_party\kissfft\tools\kiss_fftr.c.o
Compiling .pio\build\esp32-s3-n8r2\lib4b9\PubSubClient\PubSubClient.cpp.o
Compiling .pio\build\esp32-s3-n8r2\lib6be\WiFi\WiFi.cpp.o
Compiling .pio\build\esp32-s3-n8r2\lib6be\WiFi\WiFiAP.cpp.o
Compiling .pio\build\esp32-s3-n8r2\lib6be\WiFi\WiFiClient.cpp.o
Compiling .pio\build\esp32-s3-n8r2\lib6be\WiFi\WiFiGeneric.cpp.o
Compiling .pio\build\esp32-s3-n8r2\lib6be\WiFi\WiFiMulti.cpp.o
Compiling .pio\build\esp32-s3-n8r2\lib6be\WiFi\WiFiSTA.cpp.o
Compiling .pio\build\esp32-s3-n8r2\lib6be\WiFi\WiFiScan.cpp.o
Compiling .pio\build\esp32-s3-n8r2\lib6be\WiFi\WiFiServer.cpp.o
Compiling .pio\build\esp32-s3-n8r2\lib6be\WiFi\WiFiUdp.cpp.o
Linking .pio\build\esp32-s3-n8r2\firmware.elf
Retrieving maximum program size .pio\build\esp32-s3-n8r2\firmware.elf
Checking size .pio\build\esp32-s3-n8r2\firmware.elf
Advanced Memory Usage is available via "PlatformIO Home > Project Inspect"
RAM:   [====      ]  38.3% (used 125388 bytes from 327680 bytes)
Flash: [==        ]  24.7% (used 824477 bytes from 3342336 bytes)
Building .pio\build\esp32-s3-n8r2\firmware.bin
esptool.py v4.11.0
Creating esp32s3 image...
Merged 2 ELF sections
Successfully created esp32s3 image.
Configuring upload protocol...
AVAILABLE: cmsis-dap, esp-bridge, esp-builtin, esp-prog, espota, esptool, iot-bus-jtag, jlink, minimodule, olimex-arm-usb-ocd, olimex-arm-usb-ocd-h, olimex-arm-usb-tiny-h, olimex-jtag-tiny, tumpa
CURRENT: upload_protocol = esptool
Looking for upload port...
Using manually specified: COM10
Uploading .pio\build\esp32-s3-n8r2\firmware.bin
esptool.py v4.11.0
Serial port COM10
Connecting....
Chip is ESP32-S3 (QFN56) (revision v0.2)
Features: WiFi, BLE, Embedded PSRAM 2MB (AP_3v3)
Crystal is 40MHz
MAC: 10:bd:a3:62:78:e4
Uploading stub...
Running stub...
Stub running...
Changing baud rate to 460800
Changed.
Configuring flash size...
Flash will be erased from 0x00000000 to 0x00003fff...
Flash will be erased from 0x00008000 to 0x00008fff...
Flash will be erased from 0x0000e000 to 0x0000ffff...
Flash will be erased from 0x00010000 to 0x000d9fff...
SHA digest in image updated
Compressed 15104 bytes to 10430...
Writing at 0x00000000... (100 %)
Wrote 15104 bytes (10430 compressed) at 0x00000000 in 0.5 seconds (effective 239.3 kbit/s)...
Hash of data verified.
Compressed 3072 bytes to 146...
Writing at 0x00008000... (100 %)
Wrote 3072 bytes (146 compressed) at 0x00008000 in 0.1 seconds (effective 357.3 kbit/s)...
Hash of data verified.
Compressed 8192 bytes to 47...
Writing at 0x0000e000... (100 %)
Wrote 8192 bytes (47 compressed) at 0x0000e000 in 0.1 seconds (effective 539.8 kbit/s)...
Hash of data verified.
Compressed 824848 bytes to 541622...
Writing at 0x00010000... (2 %)
Writing at 0x00015045... (5 %)
Writing at 0x0001d09f... (8 %)
Writing at 0x00029711... (11 %)
Writing at 0x000357be... (14 %)
Writing at 0x0003f0e4... (17 %)
Writing at 0x00044d0d... (20 %)
Writing at 0x00049f78... (23 %)
Writing at 0x0004f54a... (26 %)
Writing at 0x00054ff2... (29 %)
Writing at 0x0005a71e... (32 %)
Writing at 0x0005fe37... (35 %)
Writing at 0x00064e49... (38 %)
Writing at 0x00069f32... (41 %)
Writing at 0x0006edf5... (44 %)
Writing at 0x00073cca... (47 %)
Writing at 0x00078c43... (50 %)
Writing at 0x0007dfa7... (52 %)
Writing at 0x00083065... (55 %)
Writing at 0x000888a1... (58 %)
Writing at 0x0008df01... (61 %)
Writing at 0x00092c90... (64 %)
Writing at 0x00097e63... (67 %)
Writing at 0x0009cd5c... (70 %)
Writing at 0x000a2202... (73 %)
Writing at 0x000a7685... (76 %)
Writing at 0x000ad0b0... (79 %)
Writing at 0x000b26b7... (82 %)
Writing at 0x000b7e61... (85 %)
Writing at 0x000c03eb... (88 %)
Writing at 0x000c895b... (91 %)
Writing at 0x000cd924... (94 %)
Writing at 0x000d3189... (97 %)
Writing at 0x000d906d... (100 %)
Wrote 824848 bytes (541622 compressed) at 0x00010000 in 13.4 seconds (effective 493.7 kbit/s)...
Hash of data verified.

Leaving...
Hard resetting via RTS pin...
======================== [SUCCESS] Took 508.29 seconds ========================
